gpxe_davicom: gpxe_legacy gpxe pci
videotest: font video gfxmenu
loopback: extcmd
gpxe_smc9000: gpxe_legacy gpxe
gcry_des: crypto
memrw: extcmd
gpxe_tulip: gpxe_legacy gpxe pci
gpxe_3c90x: gpxe gpxe_nvs
terminfo: extcmd
part_gpt:
read:
gpxe_i2c_bit: gpxe gpxe_bitbash
gcry_arcfour: crypto
aout:
vga_text:
gpxe_eepro100: gpxe_legacy gpxe
elf:
password_pbkdf2: crypto gcry_sha512 pbkdf2 normal
gcry_seed: crypto
bsd: elf serial extcmd vbe video aout boot cpuid relocator mmap
sfs: fshelp
reiserfs: fshelp
part_sunpc:
gfxmenu: trig bitmap_scale gfxterm font normal bitmap video
915resolution:
jfs:
help: extcmd normal
configfile: normal
ohci: cs5536 usb boot pci
afs: fshelp
xzio: gcry_crc
usb_keyboard: keylayouts usb
search_fs_file:
vga: video video_fb
usbms: scsi usb
test_blockarg: extcmd normal
true:
affs: fshelp
iso9660: fshelp
gpxe_rtl8139: gpxe_spi_bit gpxe gpxe_nvs gpxe_threewire
gpxe_legacy: gpxe
gfxterm: bitmap_scale font extcmd bitmap video
xfs: fshelp
functional_test: extcmd
sleep: extcmd normal
pxecmd: pxe
memdisk:
gcry_rijndael: crypto
gettext:
gcry_sha1: crypto
cmp:
befs_be: fshelp
usb: pci
hashsum: crypto extcmd normal
halt: extcmd acpi
search_fs_uuid:
linux: normal vbe video boot relocator mmap
keystatus: extcmd
part_sun:
gpxe_spi:
sendkey: extcmd boot
video_bochs: video pci video_fb
bufio:
usbserial_ftdi: serial usb usbserial_common
lua: setjmp normal
cpuid: extcmd
hdparm: extcmd
gpxe_sis900: gpxe_legacy gpxe pci
gcry_blowfish: crypto
test:
nilfs2: fshelp
minicmd:
ata: scsi pci
udf: fshelp
gzio:
gpxe_3c595: gpxe_legacy gpxe
xnu_uuid: gcry_md5
uhci: usb pci
terminal:
raid:
crypto:
part_bsd: part_msdos
cs5536: pci
lsapm:
gcry_sha512: crypto
biosdisk:
password: crypto normal
fshelp:
efiemu: gcry_crc normal acpi
xnu: bitmap_scale extcmd normal video bitmap boot relocator efiemu
mmap: boot
iorw: extcmd
gpxe_nvs:
zfsinfo: zfs
gpxe_threewire: gpxe
gpxe_natsemi: gpxe_spi_bit gpxe gpxe_nvs gpxe_threewire
cmostest:
blocklist:
ext2: fshelp
drivemap: extcmd boot mmap
part_acorn:
videoinfo: video
gpxe_dmfe: gpxe_legacy gpxe pci
btrfs: gzio
lsmmap:
bitmap:
vbe: video video_fb
ntfs: fshelp
multiboot: vbe video boot relocator mmap lsapm
gpxe_ns8390: gpxe_legacy gpxe
gcry_crc: crypto
png: bufio bitmap
jpeg: bufio bitmap
regexp: extcmd normal
parttool: normal
usbserial_pl2303: serial usb usbserial_common
gpxe_infiniband: gpxe
cpio:
gcry_rmd160: crypto
gpxe_epic100: gpxe_legacy gpxe
fat:
zfs:
raid6rec: raid
ntldr: boot video relocator
gpxe_ns83820: gpxe_legacy gpxe pci
gpxe_3c5x9: gpxe_legacy gpxe
minix2:
lsacpi: extcmd acpi
loadenv: extcmd
bitmap_scale: bitmap
datehook: datetime normal
probe: extcmd
gpxe_bitbash:
tar:
hfs:
boot:
keylayouts:
kernel:
usbtest: usb
relocator:
acpi: extcmd mmap
tga: bufio bitmap
reboot:
serial: extcmd terminfo
befs: fshelp
gpxe_3c529: gpxe_3c5x9 gpxe_legacy
dm_nv: raid
gpxe_ne2k_isa: gpxe_legacy gpxe
font: bufio video
raid5rec: raid
gpxe_w89c840: gpxe_legacy gpxe
datetime:
video:
example_functional_test: functional_test
pci:
hfsplus: fshelp
gcry_cast5: crypto
extcmd:
gpxe_pnic: gpxe
gcry_whirlpool: crypto
pxe: bufio
gpxe_eepro: gpxe_legacy gpxe
gcry_tiger: crypto
video_fb: video
search: search_fs_uuid search_fs_file extcmd search_label
lspci: extcmd pci
trig:
afs_be: fshelp
msdospart: parttool
gcry_twofish: crypto
gpxe_ipoib: gpxe_infiniband gpxe
testload:
part_apple:
hexdump: extcmd
ata_pthru: ata
pbkdf2: crypto
gcry_sha256: crypto
date: datetime normal
usbserial_common: serial usb
ls: extcmd normal
ntfscomp: ntfs
video_cirrus: video pci video_fb
scsi:
hello: extcmd
normal: terminal gfxterm crypto extcmd boot
linux16: boot video relocator mmap
cat: extcmd
ufs1:
mdraid09: raid
lvm:
chain: boot video
ufs2:
setpci: extcmd pci
search_label:
gptsync:
setjmp:
multiboot2: vbe boot video relocator mmap lsapm acpi
gcry_rfc2268: crypto
mdraid1x: raid
legacycfg: linux crypto password gcry_md5 normal
gpxe_spi_bit: gpxe_bitbash
play:
part_amiga:
minix:
echo: extcmd
gcry_serpent: crypto
gcry_md4: crypto
gcry_md5: crypto
part_msdos:
gpxe: gpxe_nvs pci
gcry_camellia: crypto
at_keyboard: keylayouts boot
